// Jest Snapshot v1, https://goo.gl/fbAQLP

exports[`securityReducer should return the initial state 1`] = `
Object {
  "book": Object {
    "allCategories": Array [],
    "book": Array [],
    "books": Array [],
  },
  "errors": Object {},
  "person": Object {
    "person": Object {},
    "persons": Array [],
  },
  "requests": Object {
    "userRequests": Array [],
  },
  "review": Object {
    "bookReviews": Array [],
  },
  "security": Object {
    "user": Object {},
    "validToken": false,
  },
}
`;
