// Jest Snapshot v1, https://goo.gl/fbAQLP

exports[`bookCatalogActions creates GET_ERRORS when a book cannot be created 1`] = `
Array [
  Object {
    "type": "GET_ERRORS",
  },
]
`;
